Picked up JAVA_TOOL_OPTIONS: -Dstdout.encoding=UTF-8 -Dstderr.encoding=UTF-8
Calculating task graph as configuration cache cannot be reused because file 'mcreator.gradle' has changed.
> Task :jarJar NO-SOURCE
> Task :processTestResources NO-SOURCE
> Task :createMinecraftArtifacts UP-TO-DATE
> Task :compileJava UP-TO-DATE
> Task :processResources
> Task :classes
> Task :compileTestJava NO-SOURCE
> Task :testClasses UP-TO-DATE
> Task :test NO-SOURCE
> Task :check UP-TO-DATE
> Task :jar
> Task :assemble
> Task :build

BUILD SUCCESSFUL in 11s
4 actionable tasks: 2 executed, 2 up-to-date
Configuration cache entry stored.
